// Jest Snapshot v1, https://goo.gl/fbAQLP

exports[`<ColoredContainer /> It should render the ColoredContainer Component 1`] = `
ShallowWrapper {
  "complexSelector": ComplexSelector {
    "buildPredicate": [Function],
    "childrenOfNode": [Function],
    "findWhereUnwrapped": [Function],
  },
  "length": 1,
  "node": <Styled(gt)
    backgroundColor={undefined}
    divider={true}
    fluid={true}
    textColor={undefined}
    title=""
>
    
    <HoneyCoDivider
        backgroundColor={undefined}
        color={undefined}
    />
</Styled(gt)>,
  "nodes": Array [
    <Styled(gt)
      backgroundColor={undefined}
      divider={true}
      fluid={true}
      textColor={undefined}
      title=""
>
      
      <HoneyCoDivider
            backgroundColor={undefined}
            color={undefined}
      />
</Styled(gt)>,
  ],
  "options": Object {},
  "renderer": ReactShallowRenderer {
    "_instance": ShallowComponentWrapper {
      "_calledComponentWillUnmount": false,
      "_compositeType": 2,
      "_context": Object {},
      "_currentElement": <ColoredContainer
        divider={true}
        title=""
/>,
      "_debugID": 1,
      "_hostContainerInfo": null,
      "_hostParent": null,
      "_instance": StatelessComponent {
        "_reactInternalInstance": [Circular],
        "context": Object {},
        "props": Object {
          "children": null,
          "divider": true,
          "title": "",
        },
        "refs": Object {},
        "state": null,
        "updater": Object {
          "enqueueCallback": [Function],
          "enqueueCallbackInternal": [Function],
          "enqueueElementInternal": [Function],
          "enqueueForceUpdate": [Function],
          "enqueueReplaceState": [Function],
          "enqueueSetState": [Function],
          "isMounted": [Function],
          "validateCallback": [Function],
        },
      },
      "_mountOrder": 1,
      "_pendingCallbacks": null,
      "_pendingElement": null,
      "_pendingForceUpdate": false,
      "_pendingReplaceState": false,
      "_pendingStateQueue": null,
      "_renderedComponent": NoopInternalComponent {
        "_currentElement": <Styled(gt)
          backgroundColor={undefined}
          divider={true}
          fluid={true}
          textColor={undefined}
          title=""
>
          
          <HoneyCoDivider
                    backgroundColor={undefined}
                    color={undefined}
          />
</Styled(gt)>,
        "_debugID": 2,
        "_renderedOutput": <Styled(gt)
          backgroundColor={undefined}
          divider={true}
          fluid={true}
          textColor={undefined}
          title=""
>
          
          <HoneyCoDivider
                    backgroundColor={undefined}
                    color={undefined}
          />
</Styled(gt)>,
      },
      "_renderedNodeType": 1,
      "_rootNodeID": 0,
      "_topLevelWrapper": null,
      "_updateBatchNumber": null,
      "_warnedAboutRefsInRender": false,
    },
    "getRenderOutput": [Function],
    "render": [Function],
  },
  "root": [Circular],
  "unrendered": <ColoredContainer
    divider={true}
    title=""
/>,
}
`;
