// Jest Snapshot v1, https://goo.gl/fbAQLP

exports[`<SmartHome /> It should render the SmartHome Component 1`] = `
ShallowWrapper {
  "complexSelector": ComplexSelector {
    "buildPredicate": [Function],
    "childrenOfNode": [Function],
    "findWhereUnwrapped": [Function],
  },
  "length": 1,
  "node": <Styled(bt)>
    <gt
        tag="div"
    >
        <bt
            tag="div"
        >
            <styled.span>
                A Smart Home is a Safe Home
            </styled.span>
            <styled.p>
                <styled.span>
                    HoneyCo homes has you covered.
                </styled.span>
                <br />
                We review hundreds of devices to deliver you the best in class hardware for you and your home. We also install and mantain the system so you have a worry-free experience.
            </styled.p>
            <styled.div>
                <styled.div
                    left="30%"
                    top="20%"
                >
                    <styled.div>
                        <styled.img
                            src="IMAGE_MOCK"
                        />
                    </styled.div>
                </styled.div>
                <styled.div
                    left="60%"
                    top="10%"
                >
                    <styled.div>
                        <styled.img
                            src="IMAGE_MOCK"
                        />
                    </styled.div>
                </styled.div>
                <styled.div
                    left="80%"
                    top="50%"
                >
                    <styled.div>
                        <styled.img
                            src="IMAGE_MOCK"
                        />
                    </styled.div>
                </styled.div>
                <styled.div
                    left="55%"
                    top="80%"
                >
                    <styled.div>
                        <styled.img
                            src="IMAGE_MOCK"
                        />
                    </styled.div>
                </styled.div>
                <styled.div
                    left="20%"
                    top="75%"
                >
                    <styled.div>
                        <styled.img
                            src="IMAGE_MOCK"
                        />
                    </styled.div>
                </styled.div>
            </styled.div>
        </bt>
    </gt>
</Styled(bt)>,
  "nodes": Array [
    <Styled(bt)>
      <gt
            tag="div"
      >
            <bt
                  tag="div"
            >
                  <styled.span>
                        A Smart Home is a Safe Home
                  </styled.span>
                  <styled.p>
                        <styled.span>
                              HoneyCo homes has you covered.
                        </styled.span>
                        <br />
                        We review hundreds of devices to deliver you the best in class hardware for you and your home. We also install and mantain the system so you have a worry-free experience.
                  </styled.p>
                  <styled.div>
                        <styled.div
                              left="30%"
                              top="20%"
                        >
                              <styled.div>
                                    <styled.img
                                          src="IMAGE_MOCK"
                                    />
                              </styled.div>
                        </styled.div>
                        <styled.div
                              left="60%"
                              top="10%"
                        >
                              <styled.div>
                                    <styled.img
                                          src="IMAGE_MOCK"
                                    />
                              </styled.div>
                        </styled.div>
                        <styled.div
                              left="80%"
                              top="50%"
                        >
                              <styled.div>
                                    <styled.img
                                          src="IMAGE_MOCK"
                                    />
                              </styled.div>
                        </styled.div>
                        <styled.div
                              left="55%"
                              top="80%"
                        >
                              <styled.div>
                                    <styled.img
                                          src="IMAGE_MOCK"
                                    />
                              </styled.div>
                        </styled.div>
                        <styled.div
                              left="20%"
                              top="75%"
                        >
                              <styled.div>
                                    <styled.img
                                          src="IMAGE_MOCK"
                                    />
                              </styled.div>
                        </styled.div>
                  </styled.div>
            </bt>
      </gt>
</Styled(bt)>,
  ],
  "options": Object {},
  "renderer": ReactShallowRenderer {
    "_instance": ShallowComponentWrapper {
      "_calledComponentWillUnmount": false,
      "_compositeType": 2,
      "_context": Object {},
      "_currentElement": <SmartHome />,
      "_debugID": 1,
      "_hostContainerInfo": null,
      "_hostParent": null,
      "_instance": StatelessComponent {
        "_reactInternalInstance": [Circular],
        "context": Object {},
        "props": Object {},
        "refs": Object {},
        "state": null,
        "updater": Object {
          "enqueueCallback": [Function],
          "enqueueCallbackInternal": [Function],
          "enqueueElementInternal": [Function],
          "enqueueForceUpdate": [Function],
          "enqueueReplaceState": [Function],
          "enqueueSetState": [Function],
          "isMounted": [Function],
          "validateCallback": [Function],
        },
      },
      "_mountOrder": 1,
      "_pendingCallbacks": null,
      "_pendingElement": null,
      "_pendingForceUpdate": false,
      "_pendingReplaceState": false,
      "_pendingStateQueue": null,
      "_renderedComponent": NoopInternalComponent {
        "_currentElement": <Styled(bt)>
          <gt
                    tag="div"
          >
                    <bt
                              tag="div"
                    >
                              <styled.span>
                                        A Smart Home is a Safe Home
                              </styled.span>
                              <styled.p>
                                        <styled.span>
                                                  HoneyCo homes has you covered.
                                        </styled.span>
                                        <br />
                                        We review hundreds of devices to deliver you the best in class hardware for you and your home. We also install and mantain the system so you have a worry-free experience.
                              </styled.p>
                              <styled.div>
                                        <styled.div
                                                  left="30%"
                                                  top="20%"
                                        >
                                                  <styled.div>
                                                            <styled.img
                                                                      src="IMAGE_MOCK"
                                                            />
                                                  </styled.div>
                                        </styled.div>
                                        <styled.div
                                                  left="60%"
                                                  top="10%"
                                        >
                                                  <styled.div>
                                                            <styled.img
                                                                      src="IMAGE_MOCK"
                                                            />
                                                  </styled.div>
                                        </styled.div>
                                        <styled.div
                                                  left="80%"
                                                  top="50%"
                                        >
                                                  <styled.div>
                                                            <styled.img
                                                                      src="IMAGE_MOCK"
                                                            />
                                                  </styled.div>
                                        </styled.div>
                                        <styled.div
                                                  left="55%"
                                                  top="80%"
                                        >
                                                  <styled.div>
                                                            <styled.img
                                                                      src="IMAGE_MOCK"
                                                            />
                                                  </styled.div>
                                        </styled.div>
                                        <styled.div
                                                  left="20%"
                                                  top="75%"
                                        >
                                                  <styled.div>
                                                            <styled.img
                                                                      src="IMAGE_MOCK"
                                                            />
                                                  </styled.div>
                                        </styled.div>
                              </styled.div>
                    </bt>
          </gt>
</Styled(bt)>,
        "_debugID": 2,
        "_renderedOutput": <Styled(bt)>
          <gt
                    tag="div"
          >
                    <bt
                              tag="div"
                    >
                              <styled.span>
                                        A Smart Home is a Safe Home
                              </styled.span>
                              <styled.p>
                                        <styled.span>
                                                  HoneyCo homes has you covered.
                                        </styled.span>
                                        <br />
                                        We review hundreds of devices to deliver you the best in class hardware for you and your home. We also install and mantain the system so you have a worry-free experience.
                              </styled.p>
                              <styled.div>
                                        <styled.div
                                                  left="30%"
                                                  top="20%"
                                        >
                                                  <styled.div>
                                                            <styled.img
                                                                      src="IMAGE_MOCK"
                                                            />
                                                  </styled.div>
                                        </styled.div>
                                        <styled.div
                                                  left="60%"
                                                  top="10%"
                                        >
                                                  <styled.div>
                                                            <styled.img
                                                                      src="IMAGE_MOCK"
                                                            />
                                                  </styled.div>
                                        </styled.div>
                                        <styled.div
                                                  left="80%"
                                                  top="50%"
                                        >
                                                  <styled.div>
                                                            <styled.img
                                                                      src="IMAGE_MOCK"
                                                            />
                                                  </styled.div>
                                        </styled.div>
                                        <styled.div
                                                  left="55%"
                                                  top="80%"
                                        >
                                                  <styled.div>
                                                            <styled.img
                                                                      src="IMAGE_MOCK"
                                                            />
                                                  </styled.div>
                                        </styled.div>
                                        <styled.div
                                                  left="20%"
                                                  top="75%"
                                        >
                                                  <styled.div>
                                                            <styled.img
                                                                      src="IMAGE_MOCK"
                                                            />
                                                  </styled.div>
                                        </styled.div>
                              </styled.div>
                    </bt>
          </gt>
</Styled(bt)>,
      },
      "_renderedNodeType": 1,
      "_rootNodeID": 0,
      "_topLevelWrapper": null,
      "_updateBatchNumber": null,
      "_warnedAboutRefsInRender": false,
    },
    "getRenderOutput": [Function],
    "render": [Function],
  },
  "root": [Circular],
  "unrendered": <SmartHome />,
}
`;
