// Jest Snapshot v1, https://goo.gl/fbAQLP

exports[`<FeaturedOn /> It should render the FeaturedOn Component 1`] = `
ShallowWrapper {
  "complexSelector": ComplexSelector {
    "buildPredicate": [Function],
    "childrenOfNode": [Function],
    "findWhereUnwrapped": [Function],
  },
  "length": 1,
  "node": <gt
    tag="div"
>
    <bt
        tag="div"
    >
        <styled.div>
            <styled.div>
                <img
                    alt="The Adam Carolla Show"
                    src="IMAGE_MOCK"
                    width="180"
                />
            </styled.div>
            <styled.div>
                <img
                    alt="Crain's"
                    src="IMAGE_MOCK"
                    width="180"
                />
            </styled.div>
            <styled.div>
                <img
                    alt="Nashville Business Journal"
                    src="IMAGE_MOCK"
                    width="180"
                />
            </styled.div>
            <styled.div>
                <img
                    alt="Standing with Hope"
                    src="IMAGE_MOCK"
                    width="180"
                />
            </styled.div>
            <styled.div>
                <img
                    alt="Tech Co"
                    src="IMAGE_MOCK"
                    width="180"
                />
            </styled.div>
        </styled.div>
    </bt>
</gt>,
  "nodes": Array [
    <gt
      tag="div"
>
      <bt
            tag="div"
      >
            <styled.div>
                  <styled.div>
                        <img
                              alt="The Adam Carolla Show"
                              src="IMAGE_MOCK"
                              width="180"
                        />
                  </styled.div>
                  <styled.div>
                        <img
                              alt="Crain's"
                              src="IMAGE_MOCK"
                              width="180"
                        />
                  </styled.div>
                  <styled.div>
                        <img
                              alt="Nashville Business Journal"
                              src="IMAGE_MOCK"
                              width="180"
                        />
                  </styled.div>
                  <styled.div>
                        <img
                              alt="Standing with Hope"
                              src="IMAGE_MOCK"
                              width="180"
                        />
                  </styled.div>
                  <styled.div>
                        <img
                              alt="Tech Co"
                              src="IMAGE_MOCK"
                              width="180"
                        />
                  </styled.div>
            </styled.div>
      </bt>
</gt>,
  ],
  "options": Object {},
  "renderer": ReactShallowRenderer {
    "_instance": ShallowComponentWrapper {
      "_calledComponentWillUnmount": false,
      "_compositeType": 2,
      "_context": Object {},
      "_currentElement": <FeaturedOn />,
      "_debugID": 1,
      "_hostContainerInfo": null,
      "_hostParent": null,
      "_instance": StatelessComponent {
        "_reactInternalInstance": [Circular],
        "context": Object {},
        "props": Object {},
        "refs": Object {},
        "state": null,
        "updater": Object {
          "enqueueCallback": [Function],
          "enqueueCallbackInternal": [Function],
          "enqueueElementInternal": [Function],
          "enqueueForceUpdate": [Function],
          "enqueueReplaceState": [Function],
          "enqueueSetState": [Function],
          "isMounted": [Function],
          "validateCallback": [Function],
        },
      },
      "_mountOrder": 1,
      "_pendingCallbacks": null,
      "_pendingElement": null,
      "_pendingForceUpdate": false,
      "_pendingReplaceState": false,
      "_pendingStateQueue": null,
      "_renderedComponent": NoopInternalComponent {
        "_currentElement": <gt
          tag="div"
>
          <bt
                    tag="div"
          >
                    <styled.div>
                              <styled.div>
                                        <img
                                                  alt="The Adam Carolla Show"
                                                  src="IMAGE_MOCK"
                                                  width="180"
                                        />
                              </styled.div>
                              <styled.div>
                                        <img
                                                  alt="Crain's"
                                                  src="IMAGE_MOCK"
                                                  width="180"
                                        />
                              </styled.div>
                              <styled.div>
                                        <img
                                                  alt="Nashville Business Journal"
                                                  src="IMAGE_MOCK"
                                                  width="180"
                                        />
                              </styled.div>
                              <styled.div>
                                        <img
                                                  alt="Standing with Hope"
                                                  src="IMAGE_MOCK"
                                                  width="180"
                                        />
                              </styled.div>
                              <styled.div>
                                        <img
                                                  alt="Tech Co"
                                                  src="IMAGE_MOCK"
                                                  width="180"
                                        />
                              </styled.div>
                    </styled.div>
          </bt>
</gt>,
        "_debugID": 2,
        "_renderedOutput": <gt
          tag="div"
>
          <bt
                    tag="div"
          >
                    <styled.div>
                              <styled.div>
                                        <img
                                                  alt="The Adam Carolla Show"
                                                  src="IMAGE_MOCK"
                                                  width="180"
                                        />
                              </styled.div>
                              <styled.div>
                                        <img
                                                  alt="Crain's"
                                                  src="IMAGE_MOCK"
                                                  width="180"
                                        />
                              </styled.div>
                              <styled.div>
                                        <img
                                                  alt="Nashville Business Journal"
                                                  src="IMAGE_MOCK"
                                                  width="180"
                                        />
                              </styled.div>
                              <styled.div>
                                        <img
                                                  alt="Standing with Hope"
                                                  src="IMAGE_MOCK"
                                                  width="180"
                                        />
                              </styled.div>
                              <styled.div>
                                        <img
                                                  alt="Tech Co"
                                                  src="IMAGE_MOCK"
                                                  width="180"
                                        />
                              </styled.div>
                    </styled.div>
          </bt>
</gt>,
      },
      "_renderedNodeType": 1,
      "_rootNodeID": 0,
      "_topLevelWrapper": null,
      "_updateBatchNumber": null,
      "_warnedAboutRefsInRender": false,
    },
    "getRenderOutput": [Function],
    "render": [Function],
  },
  "root": [Circular],
  "unrendered": <FeaturedOn />,
}
`;
