// Jest Snapshot v1, https://goo.gl/fbAQLP

exports[`<ResidentBox /> It should render the ResidentBox Component 1`] = `
ShallowWrapper {
  "complexSelector": ComplexSelector {
    "buildPredicate": [Function],
    "childrenOfNode": [Function],
    "findWhereUnwrapped": [Function],
  },
  "length": 1,
  "node": <Styled(Ot)
    background="#e4e4e4"
    color=""
    lg={6}
    md={12}
    sm={12}
    xl={6}
    xs={12}
>
    <styled.span
        textColor="#4DA29F"
    />
    <styled.span />
    <styled.span />
    <styled.span />
    <styled.span />
    
</Styled(Ot)>,
  "nodes": Array [
    <Styled(Ot)
      background="#e4e4e4"
      color=""
      lg={6}
      md={12}
      sm={12}
      xl={6}
      xs={12}
>
      <styled.span
            textColor="#4DA29F"
      />
      <styled.span />
      <styled.span />
      <styled.span />
      <styled.span />
      
</Styled(Ot)>,
  ],
  "options": Object {},
  "renderer": ReactShallowRenderer {
    "_instance": ShallowComponentWrapper {
      "_calledComponentWillUnmount": false,
      "_compositeType": 2,
      "_context": Object {},
      "_currentElement": <ResidentBox
        background={false}
        color={false}
        text={false}
        textColor="#4DA29F"
/>,
      "_debugID": 1,
      "_hostContainerInfo": null,
      "_hostParent": null,
      "_instance": StatelessComponent {
        "_reactInternalInstance": [Circular],
        "context": Object {},
        "props": Object {
          "background": false,
          "color": false,
          "text": false,
          "textColor": "#4DA29F",
        },
        "refs": Object {},
        "state": null,
        "updater": Object {
          "enqueueCallback": [Function],
          "enqueueCallbackInternal": [Function],
          "enqueueElementInternal": [Function],
          "enqueueForceUpdate": [Function],
          "enqueueReplaceState": [Function],
          "enqueueSetState": [Function],
          "isMounted": [Function],
          "validateCallback": [Function],
        },
      },
      "_mountOrder": 1,
      "_pendingCallbacks": null,
      "_pendingElement": null,
      "_pendingForceUpdate": false,
      "_pendingReplaceState": false,
      "_pendingStateQueue": null,
      "_renderedComponent": NoopInternalComponent {
        "_currentElement": <Styled(Ot)
          background="#e4e4e4"
          color=""
          lg={6}
          md={12}
          sm={12}
          xl={6}
          xs={12}
>
          <styled.span
                    textColor="#4DA29F"
          />
          <styled.span />
          <styled.span />
          <styled.span />
          <styled.span />
          
</Styled(Ot)>,
        "_debugID": 2,
        "_renderedOutput": <Styled(Ot)
          background="#e4e4e4"
          color=""
          lg={6}
          md={12}
          sm={12}
          xl={6}
          xs={12}
>
          <styled.span
                    textColor="#4DA29F"
          />
          <styled.span />
          <styled.span />
          <styled.span />
          <styled.span />
          
</Styled(Ot)>,
      },
      "_renderedNodeType": 1,
      "_rootNodeID": 0,
      "_topLevelWrapper": null,
      "_updateBatchNumber": null,
      "_warnedAboutRefsInRender": false,
    },
    "getRenderOutput": [Function],
    "render": [Function],
  },
  "root": [Circular],
  "unrendered": <ResidentBox
    background={false}
    color={false}
    text={false}
    textColor="#4DA29F"
/>,
}
`;
