// Jest Snapshot v1, https://goo.gl/fbAQLP

exports[`<MobileSolutions /> It should render the MobileSolutions Component 1`] = `
ShallowWrapper {
  "complexSelector": ComplexSelector {
    "buildPredicate": [Function],
    "childrenOfNode": [Function],
    "findWhereUnwrapped": [Function],
  },
  "length": 1,
  "node": <Styled(bt)>
    <gt
        tag="div"
    >
        <bt
            tag="div"
        >
            <styled.span>
                Diferent needs. One Solution.
            </styled.span>
            <Ot
                lg={4}
                md={12}
                sm={12}
                tag="div"
                widths={
                    Array [
                        "xs",
                        "sm",
                        "md",
                        "lg",
                        "xl",
                      ]
                }
                xl={4}
                xs={12}
            >
                <styled.img
                    src="IMAGE_MOCK"
                />
                <styled.span>
                    I want to stay in my home.
                </styled.span>
                <styled.div>
                    <styled.button>
                        Show me how
                    </styled.button>
                </styled.div>
            </Ot>
            <Ot
                lg={4}
                md={12}
                sm={12}
                tag="div"
                widths={
                    Array [
                        "xs",
                        "sm",
                        "md",
                        "lg",
                        "xl",
                      ]
                }
                xl={4}
                xs={12}
            >
                <styled.img
                    src="IMAGE_MOCK"
                />
                <styled.span>
                    I want peace of mind.
                </styled.span>
                <styled.div>
                    <styled.button>
                        Show me how
                    </styled.button>
                </styled.div>
            </Ot>
            <Ot
                lg={4}
                md={12}
                sm={12}
                tag="div"
                widths={
                    Array [
                        "xs",
                        "sm",
                        "md",
                        "lg",
                        "xl",
                      ]
                }
                xl={4}
                xs={12}
            >
                <styled.img
                    src="IMAGE_MOCK"
                />
                <styled.span>
                    I want to be different
                </styled.span>
                <styled.div>
                    <styled.button>
                        Show me how
                    </styled.button>
                </styled.div>
            </Ot>
        </bt>
    </gt>
</Styled(bt)>,
  "nodes": Array [
    <Styled(bt)>
      <gt
            tag="div"
      >
            <bt
                  tag="div"
            >
                  <styled.span>
                        Diferent needs. One Solution.
                  </styled.span>
                  <Ot
                        lg={4}
                        md={12}
                        sm={12}
                        tag="div"
                        widths={
                              Array [
                                    "xs",
                                    "sm",
                                    "md",
                                    "lg",
                                    "xl",
                                  ]
                        }
                        xl={4}
                        xs={12}
                  >
                        <styled.img
                              src="IMAGE_MOCK"
                        />
                        <styled.span>
                              I want to stay in my home.
                        </styled.span>
                        <styled.div>
                              <styled.button>
                                    Show me how
                              </styled.button>
                        </styled.div>
                  </Ot>
                  <Ot
                        lg={4}
                        md={12}
                        sm={12}
                        tag="div"
                        widths={
                              Array [
                                    "xs",
                                    "sm",
                                    "md",
                                    "lg",
                                    "xl",
                                  ]
                        }
                        xl={4}
                        xs={12}
                  >
                        <styled.img
                              src="IMAGE_MOCK"
                        />
                        <styled.span>
                              I want peace of mind.
                        </styled.span>
                        <styled.div>
                              <styled.button>
                                    Show me how
                              </styled.button>
                        </styled.div>
                  </Ot>
                  <Ot
                        lg={4}
                        md={12}
                        sm={12}
                        tag="div"
                        widths={
                              Array [
                                    "xs",
                                    "sm",
                                    "md",
                                    "lg",
                                    "xl",
                                  ]
                        }
                        xl={4}
                        xs={12}
                  >
                        <styled.img
                              src="IMAGE_MOCK"
                        />
                        <styled.span>
                              I want to be different
                        </styled.span>
                        <styled.div>
                              <styled.button>
                                    Show me how
                              </styled.button>
                        </styled.div>
                  </Ot>
            </bt>
      </gt>
</Styled(bt)>,
  ],
  "options": Object {},
  "renderer": ReactShallowRenderer {
    "_instance": ShallowComponentWrapper {
      "_calledComponentWillUnmount": false,
      "_compositeType": 2,
      "_context": Object {},
      "_currentElement": <MobileSolutions />,
      "_debugID": 1,
      "_hostContainerInfo": null,
      "_hostParent": null,
      "_instance": StatelessComponent {
        "_reactInternalInstance": [Circular],
        "context": Object {},
        "props": Object {},
        "refs": Object {},
        "state": null,
        "updater": Object {
          "enqueueCallback": [Function],
          "enqueueCallbackInternal": [Function],
          "enqueueElementInternal": [Function],
          "enqueueForceUpdate": [Function],
          "enqueueReplaceState": [Function],
          "enqueueSetState": [Function],
          "isMounted": [Function],
          "validateCallback": [Function],
        },
      },
      "_mountOrder": 1,
      "_pendingCallbacks": null,
      "_pendingElement": null,
      "_pendingForceUpdate": false,
      "_pendingReplaceState": false,
      "_pendingStateQueue": null,
      "_renderedComponent": NoopInternalComponent {
        "_currentElement": <Styled(bt)>
          <gt
                    tag="div"
          >
                    <bt
                              tag="div"
                    >
                              <styled.span>
                                        Diferent needs. One Solution.
                              </styled.span>
                              <Ot
                                        lg={4}
                                        md={12}
                                        sm={12}
                                        tag="div"
                                        widths={
                                                  Array [
                                                            "xs",
                                                            "sm",
                                                            "md",
                                                            "lg",
                                                            "xl",
                                                          ]
                                        }
                                        xl={4}
                                        xs={12}
                              >
                                        <styled.img
                                                  src="IMAGE_MOCK"
                                        />
                                        <styled.span>
                                                  I want to stay in my home.
                                        </styled.span>
                                        <styled.div>
                                                  <styled.button>
                                                            Show me how
                                                  </styled.button>
                                        </styled.div>
                              </Ot>
                              <Ot
                                        lg={4}
                                        md={12}
                                        sm={12}
                                        tag="div"
                                        widths={
                                                  Array [
                                                            "xs",
                                                            "sm",
                                                            "md",
                                                            "lg",
                                                            "xl",
                                                          ]
                                        }
                                        xl={4}
                                        xs={12}
                              >
                                        <styled.img
                                                  src="IMAGE_MOCK"
                                        />
                                        <styled.span>
                                                  I want peace of mind.
                                        </styled.span>
                                        <styled.div>
                                                  <styled.button>
                                                            Show me how
                                                  </styled.button>
                                        </styled.div>
                              </Ot>
                              <Ot
                                        lg={4}
                                        md={12}
                                        sm={12}
                                        tag="div"
                                        widths={
                                                  Array [
                                                            "xs",
                                                            "sm",
                                                            "md",
                                                            "lg",
                                                            "xl",
                                                          ]
                                        }
                                        xl={4}
                                        xs={12}
                              >
                                        <styled.img
                                                  src="IMAGE_MOCK"
                                        />
                                        <styled.span>
                                                  I want to be different
                                        </styled.span>
                                        <styled.div>
                                                  <styled.button>
                                                            Show me how
                                                  </styled.button>
                                        </styled.div>
                              </Ot>
                    </bt>
          </gt>
</Styled(bt)>,
        "_debugID": 2,
        "_renderedOutput": <Styled(bt)>
          <gt
                    tag="div"
          >
                    <bt
                              tag="div"
                    >
                              <styled.span>
                                        Diferent needs. One Solution.
                              </styled.span>
                              <Ot
                                        lg={4}
                                        md={12}
                                        sm={12}
                                        tag="div"
                                        widths={
                                                  Array [
                                                            "xs",
                                                            "sm",
                                                            "md",
                                                            "lg",
                                                            "xl",
                                                          ]
                                        }
                                        xl={4}
                                        xs={12}
                              >
                                        <styled.img
                                                  src="IMAGE_MOCK"
                                        />
                                        <styled.span>
                                                  I want to stay in my home.
                                        </styled.span>
                                        <styled.div>
                                                  <styled.button>
                                                            Show me how
                                                  </styled.button>
                                        </styled.div>
                              </Ot>
                              <Ot
                                        lg={4}
                                        md={12}
                                        sm={12}
                                        tag="div"
                                        widths={
                                                  Array [
                                                            "xs",
                                                            "sm",
                                                            "md",
                                                            "lg",
                                                            "xl",
                                                          ]
                                        }
                                        xl={4}
                                        xs={12}
                              >
                                        <styled.img
                                                  src="IMAGE_MOCK"
                                        />
                                        <styled.span>
                                                  I want peace of mind.
                                        </styled.span>
                                        <styled.div>
                                                  <styled.button>
                                                            Show me how
                                                  </styled.button>
                                        </styled.div>
                              </Ot>
                              <Ot
                                        lg={4}
                                        md={12}
                                        sm={12}
                                        tag="div"
                                        widths={
                                                  Array [
                                                            "xs",
                                                            "sm",
                                                            "md",
                                                            "lg",
                                                            "xl",
                                                          ]
                                        }
                                        xl={4}
                                        xs={12}
                              >
                                        <styled.img
                                                  src="IMAGE_MOCK"
                                        />
                                        <styled.span>
                                                  I want to be different
                                        </styled.span>
                                        <styled.div>
                                                  <styled.button>
                                                            Show me how
                                                  </styled.button>
                                        </styled.div>
                              </Ot>
                    </bt>
          </gt>
</Styled(bt)>,
      },
      "_renderedNodeType": 1,
      "_rootNodeID": 0,
      "_topLevelWrapper": null,
      "_updateBatchNumber": null,
      "_warnedAboutRefsInRender": false,
    },
    "getRenderOutput": [Function],
    "render": [Function],
  },
  "root": [Circular],
  "unrendered": <MobileSolutions />,
}
`;
