// Jest Snapshot v1, https://goo.gl/fbAQLP

exports[`<WhatIsUnretirement /> It should render the WhatIsUnretirement Component 1`] = `
ShallowWrapper {
  "complexSelector": ComplexSelector {
    "buildPredicate": [Function],
    "childrenOfNode": [Function],
    "findWhereUnwrapped": [Function],
  },
  "length": 1,
  "node": <styled.div
    background={undefined}
>
    <styled.div>
        <gt
            tag="div"
        >
            <styled.span>
                title
            </styled.span>
            <styled.p>
                first paragraph
            </styled.p>
            <styled.p>
                second paragraph
            </styled.p>
            <styled.button />
        </gt>
    </styled.div>
</styled.div>,
  "nodes": Array [
    <styled.div
      background={undefined}
>
      <styled.div>
            <gt
                  tag="div"
            >
                  <styled.span>
                        title
                  </styled.span>
                  <styled.p>
                        first paragraph
                  </styled.p>
                  <styled.p>
                        second paragraph
                  </styled.p>
                  <styled.button />
            </gt>
      </styled.div>
</styled.div>,
  ],
  "options": Object {},
  "renderer": ReactShallowRenderer {
    "_instance": ShallowComponentWrapper {
      "_calledComponentWillUnmount": false,
      "_compositeType": 2,
      "_context": Object {},
      "_currentElement": <WhatIsUnretirement
        text={
                Object {
                        "firstParagraph": "first paragraph",
                        "secondParagraph": "second paragraph",
                        "title": "title",
                      }
        }
/>,
      "_debugID": 1,
      "_hostContainerInfo": null,
      "_hostParent": null,
      "_instance": StatelessComponent {
        "_reactInternalInstance": [Circular],
        "context": Object {},
        "props": Object {
          "text": Object {
            "firstParagraph": "first paragraph",
            "secondParagraph": "second paragraph",
            "title": "title",
          },
        },
        "refs": Object {},
        "state": null,
        "updater": Object {
          "enqueueCallback": [Function],
          "enqueueCallbackInternal": [Function],
          "enqueueElementInternal": [Function],
          "enqueueForceUpdate": [Function],
          "enqueueReplaceState": [Function],
          "enqueueSetState": [Function],
          "isMounted": [Function],
          "validateCallback": [Function],
        },
      },
      "_mountOrder": 1,
      "_pendingCallbacks": null,
      "_pendingElement": null,
      "_pendingForceUpdate": false,
      "_pendingReplaceState": false,
      "_pendingStateQueue": null,
      "_renderedComponent": NoopInternalComponent {
        "_currentElement": <styled.div
          background={undefined}
>
          <styled.div>
                    <gt
                              tag="div"
                    >
                              <styled.span>
                                        title
                              </styled.span>
                              <styled.p>
                                        first paragraph
                              </styled.p>
                              <styled.p>
                                        second paragraph
                              </styled.p>
                              <styled.button />
                    </gt>
          </styled.div>
</styled.div>,
        "_debugID": 2,
        "_renderedOutput": <styled.div
          background={undefined}
>
          <styled.div>
                    <gt
                              tag="div"
                    >
                              <styled.span>
                                        title
                              </styled.span>
                              <styled.p>
                                        first paragraph
                              </styled.p>
                              <styled.p>
                                        second paragraph
                              </styled.p>
                              <styled.button />
                    </gt>
          </styled.div>
</styled.div>,
      },
      "_renderedNodeType": 1,
      "_rootNodeID": 0,
      "_topLevelWrapper": null,
      "_updateBatchNumber": null,
      "_warnedAboutRefsInRender": false,
    },
    "getRenderOutput": [Function],
    "render": [Function],
  },
  "root": [Circular],
  "unrendered": <WhatIsUnretirement
    text={
        Object {
            "firstParagraph": "first paragraph",
            "secondParagraph": "second paragraph",
            "title": "title",
          }
    }
/>,
}
`;
