// Jest Snapshot v1, https://goo.gl/fbAQLP

exports[`<ContactUs /> It should render the ContactUs Component 1`] = `
ShallowWrapper {
  "complexSelector": ComplexSelector {
    "buildPredicate": [Function],
    "childrenOfNode": [Function],
    "findWhereUnwrapped": [Function],
  },
  "length": 1,
  "node": <styled.div>
    <gt
        tag="div"
    >
        <bt
            tag="div"
        >
            <styled.div>
                <styled.span>
                    Send Us a Message
                </styled.span>
                <styled.span>
                    Whether you're interested in living in a HoneyCo Home, or just want periodic updates, we'd love to hear from you.
                </styled.span>
            </styled.div>
            <styled.div>
                <styled.input
                    placeholder="  How can we help you?"
                />
                <styled.input
                    placeholder=" Enter your email"
                />
                <styled.button>
                    SUBMIT
                </styled.button>
            </styled.div>
        </bt>
    </gt>
</styled.div>,
  "nodes": Array [
    <styled.div>
      <gt
            tag="div"
      >
            <bt
                  tag="div"
            >
                  <styled.div>
                        <styled.span>
                              Send Us a Message
                        </styled.span>
                        <styled.span>
                              Whether you're interested in living in a HoneyCo Home, or just want periodic updates, we'd love to hear from you.
                        </styled.span>
                  </styled.div>
                  <styled.div>
                        <styled.input
                              placeholder="  How can we help you?"
                        />
                        <styled.input
                              placeholder=" Enter your email"
                        />
                        <styled.button>
                              SUBMIT
                        </styled.button>
                  </styled.div>
            </bt>
      </gt>
</styled.div>,
  ],
  "options": Object {},
  "renderer": ReactShallowRenderer {
    "_instance": ShallowComponentWrapper {
      "_calledComponentWillUnmount": false,
      "_compositeType": 2,
      "_context": Object {},
      "_currentElement": <ContactUs />,
      "_debugID": 1,
      "_hostContainerInfo": null,
      "_hostParent": null,
      "_instance": StatelessComponent {
        "_reactInternalInstance": [Circular],
        "context": Object {},
        "props": Object {},
        "refs": Object {},
        "state": null,
        "updater": Object {
          "enqueueCallback": [Function],
          "enqueueCallbackInternal": [Function],
          "enqueueElementInternal": [Function],
          "enqueueForceUpdate": [Function],
          "enqueueReplaceState": [Function],
          "enqueueSetState": [Function],
          "isMounted": [Function],
          "validateCallback": [Function],
        },
      },
      "_mountOrder": 1,
      "_pendingCallbacks": null,
      "_pendingElement": null,
      "_pendingForceUpdate": false,
      "_pendingReplaceState": false,
      "_pendingStateQueue": null,
      "_renderedComponent": NoopInternalComponent {
        "_currentElement": <styled.div>
          <gt
                    tag="div"
          >
                    <bt
                              tag="div"
                    >
                              <styled.div>
                                        <styled.span>
                                                  Send Us a Message
                                        </styled.span>
                                        <styled.span>
                                                  Whether you're interested in living in a HoneyCo Home, or just want periodic updates, we'd love to hear from you.
                                        </styled.span>
                              </styled.div>
                              <styled.div>
                                        <styled.input
                                                  placeholder="  How can we help you?"
                                        />
                                        <styled.input
                                                  placeholder=" Enter your email"
                                        />
                                        <styled.button>
                                                  SUBMIT
                                        </styled.button>
                              </styled.div>
                    </bt>
          </gt>
</styled.div>,
        "_debugID": 2,
        "_renderedOutput": <styled.div>
          <gt
                    tag="div"
          >
                    <bt
                              tag="div"
                    >
                              <styled.div>
                                        <styled.span>
                                                  Send Us a Message
                                        </styled.span>
                                        <styled.span>
                                                  Whether you're interested in living in a HoneyCo Home, or just want periodic updates, we'd love to hear from you.
                                        </styled.span>
                              </styled.div>
                              <styled.div>
                                        <styled.input
                                                  placeholder="  How can we help you?"
                                        />
                                        <styled.input
                                                  placeholder=" Enter your email"
                                        />
                                        <styled.button>
                                                  SUBMIT
                                        </styled.button>
                              </styled.div>
                    </bt>
          </gt>
</styled.div>,
      },
      "_renderedNodeType": 1,
      "_rootNodeID": 0,
      "_topLevelWrapper": null,
      "_updateBatchNumber": null,
      "_warnedAboutRefsInRender": false,
    },
    "getRenderOutput": [Function],
    "render": [Function],
  },
  "root": [Circular],
  "unrendered": <ContactUs />,
}
`;
