// Jest Snapshot v1, https://goo.gl/fbAQLP

exports[`<HowItWorksSection /> It should render the HowItWorksSection Component 1`] = `
ShallowWrapper {
  "complexSelector": ComplexSelector {
    "buildPredicate": [Function],
    "childrenOfNode": [Function],
    "findWhereUnwrapped": [Function],
  },
  "length": 1,
  "node": <Styled(gt)>
    <styled.div>
        <styled.span>
            Your 24/7 Piece of Mind
        </styled.span>
        <styled.div>
            <styled.div>
                <styled.span>
                    title1
                </styled.span>
                <styled.span>
                    description1
                </styled.span>
            </styled.div>
            <styled.div>
                <styled.span>
                    title2
                </styled.span>
                <styled.span>
                    description2
                </styled.span>
            </styled.div>
        </styled.div>
        <styled.div
            background={undefined}
        />
        <styled.div>
            <styled.div>
                <styled.span>
                    title3
                </styled.span>
                <styled.span>
                    description3
                </styled.span>
            </styled.div>
            <styled.div>
                <styled.span>
                    title4
                </styled.span>
                <styled.span>
                    description4
                </styled.span>
            </styled.div>
        </styled.div>
    </styled.div>
</Styled(gt)>,
  "nodes": Array [
    <Styled(gt)>
      <styled.div>
            <styled.span>
                  Your 24/7 Piece of Mind
            </styled.span>
            <styled.div>
                  <styled.div>
                        <styled.span>
                              title1
                        </styled.span>
                        <styled.span>
                              description1
                        </styled.span>
                  </styled.div>
                  <styled.div>
                        <styled.span>
                              title2
                        </styled.span>
                        <styled.span>
                              description2
                        </styled.span>
                  </styled.div>
            </styled.div>
            <styled.div
                  background={undefined}
            />
            <styled.div>
                  <styled.div>
                        <styled.span>
                              title3
                        </styled.span>
                        <styled.span>
                              description3
                        </styled.span>
                  </styled.div>
                  <styled.div>
                        <styled.span>
                              title4
                        </styled.span>
                        <styled.span>
                              description4
                        </styled.span>
                  </styled.div>
            </styled.div>
      </styled.div>
</Styled(gt)>,
  ],
  "options": Object {},
  "renderer": ReactShallowRenderer {
    "_instance": ShallowComponentWrapper {
      "_calledComponentWillUnmount": false,
      "_compositeType": 2,
      "_context": Object {},
      "_currentElement": <HowItWorksSection
        text={
                Object {
                        "box1": Object {
                          "description": "description1",
                          "title": "title1",
                        },
                        "box2": Object {
                          "description": "description2",
                          "title": "title2",
                        },
                        "box3": Object {
                          "description": "description3",
                          "title": "title3",
                        },
                        "box4": Object {
                          "description": "description4",
                          "title": "title4",
                        },
                      }
        }
/>,
      "_debugID": 1,
      "_hostContainerInfo": null,
      "_hostParent": null,
      "_instance": StatelessComponent {
        "_reactInternalInstance": [Circular],
        "context": Object {},
        "props": Object {
          "text": Object {
            "box1": Object {
              "description": "description1",
              "title": "title1",
            },
            "box2": Object {
              "description": "description2",
              "title": "title2",
            },
            "box3": Object {
              "description": "description3",
              "title": "title3",
            },
            "box4": Object {
              "description": "description4",
              "title": "title4",
            },
          },
        },
        "refs": Object {},
        "state": null,
        "updater": Object {
          "enqueueCallback": [Function],
          "enqueueCallbackInternal": [Function],
          "enqueueElementInternal": [Function],
          "enqueueForceUpdate": [Function],
          "enqueueReplaceState": [Function],
          "enqueueSetState": [Function],
          "isMounted": [Function],
          "validateCallback": [Function],
        },
      },
      "_mountOrder": 1,
      "_pendingCallbacks": null,
      "_pendingElement": null,
      "_pendingForceUpdate": false,
      "_pendingReplaceState": false,
      "_pendingStateQueue": null,
      "_renderedComponent": NoopInternalComponent {
        "_currentElement": <Styled(gt)>
          <styled.div>
                    <styled.span>
                              Your 24/7 Piece of Mind
                    </styled.span>
                    <styled.div>
                              <styled.div>
                                        <styled.span>
                                                  title1
                                        </styled.span>
                                        <styled.span>
                                                  description1
                                        </styled.span>
                              </styled.div>
                              <styled.div>
                                        <styled.span>
                                                  title2
                                        </styled.span>
                                        <styled.span>
                                                  description2
                                        </styled.span>
                              </styled.div>
                    </styled.div>
                    <styled.div
                              background={undefined}
                    />
                    <styled.div>
                              <styled.div>
                                        <styled.span>
                                                  title3
                                        </styled.span>
                                        <styled.span>
                                                  description3
                                        </styled.span>
                              </styled.div>
                              <styled.div>
                                        <styled.span>
                                                  title4
                                        </styled.span>
                                        <styled.span>
                                                  description4
                                        </styled.span>
                              </styled.div>
                    </styled.div>
          </styled.div>
</Styled(gt)>,
        "_debugID": 2,
        "_renderedOutput": <Styled(gt)>
          <styled.div>
                    <styled.span>
                              Your 24/7 Piece of Mind
                    </styled.span>
                    <styled.div>
                              <styled.div>
                                        <styled.span>
                                                  title1
                                        </styled.span>
                                        <styled.span>
                                                  description1
                                        </styled.span>
                              </styled.div>
                              <styled.div>
                                        <styled.span>
                                                  title2
                                        </styled.span>
                                        <styled.span>
                                                  description2
                                        </styled.span>
                              </styled.div>
                    </styled.div>
                    <styled.div
                              background={undefined}
                    />
                    <styled.div>
                              <styled.div>
                                        <styled.span>
                                                  title3
                                        </styled.span>
                                        <styled.span>
                                                  description3
                                        </styled.span>
                              </styled.div>
                              <styled.div>
                                        <styled.span>
                                                  title4
                                        </styled.span>
                                        <styled.span>
                                                  description4
                                        </styled.span>
                              </styled.div>
                    </styled.div>
          </styled.div>
</Styled(gt)>,
      },
      "_renderedNodeType": 1,
      "_rootNodeID": 0,
      "_topLevelWrapper": null,
      "_updateBatchNumber": null,
      "_warnedAboutRefsInRender": false,
    },
    "getRenderOutput": [Function],
    "render": [Function],
  },
  "root": [Circular],
  "unrendered": <HowItWorksSection
    text={
        Object {
            "box1": Object {
              "description": "description1",
              "title": "title1",
            },
            "box2": Object {
              "description": "description2",
              "title": "title2",
            },
            "box3": Object {
              "description": "description3",
              "title": "title3",
            },
            "box4": Object {
              "description": "description4",
              "title": "title4",
            },
          }
    }
/>,
}
`;
